// Jest Snapshot v1, https://goo.gl/fbAQLP

exports[`Renders SingleCard component correctly 1`] = `
<div
  className="Card"
>
  <h4 />
  <img
    alt="weather icon"
  />
  <div
    className="Report"
  >
    <p>
      â„ƒ
    </p>
    <p>
      %
    </p>
  </div>
</div>
`;
