// Jest Snapshot v1, https://goo.gl/fbAQLP

exports[`Renders TodaysWeather component correctly 1`] = `
<div
  className="MuiGrid-root MuiGrid-container MuiGrid-direction-xs-column Container css-1p4zzjm-MuiGrid-root"
>
  <div
    className="MuiGrid-root MuiGrid-item MuiGrid-grid-xs-2 Top css-1o7apob-MuiGrid-root"
  >
    <div
      className="Search-div"
    >
      <div
        className="MuiFormControl-root MuiTextField-root Search css-1u3bzj6-MuiFormControl-root-MuiTextField-root"
      >
        <label
          className="MuiFormLabel-root MuiInputLabel-root MuiInputLabel-formControl MuiInputLabel-animated MuiInputLabel-filled MuiFormLabel-colorPrimary css-e4w4as-MuiFormLabel-root-MuiInputLabel-root"
          data-shrink={false}
          htmlFor="filled-basic"
          id="filled-basic-label"
        >
          Seach for places
        </label>
        <div
          className="MuiInputBase-root MuiFilledInput-root MuiFilledInput-underline MuiInputBase-colorPrimary MuiInputBase-formControl css-19mk8g1-MuiInputBase-root-MuiFilledInput-root"
          onClick={[Function]}
        >
          <input
            aria-invalid={false}
            autoFocus={false}
            className="MuiInputBase-input MuiFilledInput-input css-10botns-MuiInputBase-input-MuiFilledInput-input"
            disabled={false}
            id="filled-basic"
            onAnimationStart={[Function]}
            onBlur={[Function]}
            onChange={[Function]}
            onFocus={[Function]}
            required={false}
            type="text"
            value=""
          />
        </div>
      </div>
      <button
        onClick={[Function]}
        type="button"
      >
        Search
      </button>
    </div>
    <svg
      aria-hidden={true}
      className="MuiSvgIcon-root MuiSvgIcon-fontSizeMedium Back-home css-i4bv87-MuiSvgIcon-root"
      data-testid="ArrowBackIcon"
      focusable="false"
      onClick={[Function]}
      viewBox="0 0 24 24"
    >
      <path
        d="M20 11H7.83l5.59-5.59L12 4l-8 8 8 8 1.41-1.41L7.83 13H20v-2z"
      />
    </svg>
  </div>
  <div
    className="MuiGrid-root MuiGrid-item MuiGrid-grid-xs-6 Middle css-1osj8n2-MuiGrid-root"
  >
    <img
      alt="wheather-today"
      className="WeatherIcon"
      src="icons/LightCloud.png"
    />
  </div>
  <div
    className="MuiGrid-root MuiGrid-item MuiGrid-grid-xs-4 Bottom css-gj1fbr-MuiGrid-root"
  >
    <h4
      className="degree"
    >
      0
      â„ƒ
    </h4>
    <p
      className="Title"
    >
      Internet Connect Error!
    </p>
    <p>
      Today -
      Saturday 6th August 2022
    </p>
    <p>
      City
      -
      N
    </p>
  </div>
</div>
`;
